Key: Gar
Value: 1
Input: input

Key: Foo
Value: 2
Input: input

Key: Bar
Value: 3
Input: input

0
