Runtime Failure: Illegal Argument (mul) - Expected to find a Integer in the 2nd argument, but found Reg( String = foo )
