Runtime Failure: Illegal call to div. Excepted 3rd register to contain an integer, but found: Reg( Pointer = 1 )
