Runtime Failure: Illegal Argument (div) - Expected to find a Integer in the 2nd argument, but found Reg( Pointer = 1 )
