Runtime Failure: Illegal Argument (sub) - Expected to find a Integer in the 2nd argument, but found Reg( String = foo )
