Runtime Failure: Illegal Argument (leq) - Expected to find a Integer in the 2nd argument, but found Reg( ID = foo )
