Runtime Failure: Illegal call to div. Excepted the 2nd register to contain an integer, but found: Reg ( String = foo )
