Runtime Failure: Illegal Argument (lt) - Expected to find a Integer in the 3rd argument, but found Reg( ID = foo )
