Runtime Failure: Illegal call to leq. Excepted 3rd register to contain an integer, but found: Reg ( String = foo )
