Runtime Failure: Illegal call to lt. Excepted the 2nd register to contain an integer, but found: Reg( Pointer = 1 )
