Runtime Failure: Illegal Argument (add) - Expected to find a Integer in the 3rd argument, but found Reg( Pointer = 1 )
