Runtime Failure: Illegal Argument (mul) - Expected to find a Integer in the 3rd argument, but found Reg( String = foo )
