Runtime Failure: Illegal call to mul. Excepted the 2nd register to contain an integer, but found: Reg ( ID = foo )
